// Jest Snapshot v1, https://goo.gl/fbAQLP

exports[`expect to take a snap shot of button controller component 1`] = `ShallowWrapper {}`;
