// Jest Snapshot v1, https://goo.gl/fbAQLP

exports[`expect to take snap shot of display-timer component 1`] = `ShallowWrapper {}`;
