// Jest Snapshot v1, https://goo.gl/fbAQLP

exports[`expect to take a snap shot of play-pause reset component 1`] = `ShallowWrapper {}`;
